node.exe : 
At C:\Program Files\no
dejs\npx.ps1:29 char:3
+   & $NODE_EXE $NPX_C
LI_JS $args
+   ~~~~~~~~~~~~~~~~~~
~~~~~~~~~~~
    + CategoryInfo    
          : NotSpeci  
  fied: (:String) [   
 ], RemoteExceptio    
n
    + FullyQualifiedE 
   rrorId : NativeCo  
  mmandError
 
Rebuilding...
CssSyntaxError: tailwi
ndcss: D:\kkshop\src\a
pp\globals.css:33:5: T
he `shadow-[0_8px_32px
_0_rgba(0,` class does
 not exist. If `shadow
-[0_8px_32px_0_rgba(0,
` is a custom class, m
ake sure it is defined
 within a `@layer` dir
ective.
    at Input.error (D:
\kkshop\node_modules\p
ostcss\lib\input.js:13
5:16)
    at AtRule.error (D
:\kkshop\node_modules\
postcss\lib\node.js:14
6:32)
    at processApply (D
:\kkshop\node_modules\
tailwindcss\lib\lib\ex
pandApplyAtRules.js:38
0:29)
    at D:\kkshop\node_
modules\tailwindcss\li
b\lib\expandApplyAtRul
es.js:551:9
    at D:\kkshop\node_
modules\tailwindcss\li
b\processTailwindFeatu
res.js:55:50
    at async Object.On
ce (D:\kkshop\node_mod
ules\tailwindcss\lib\c
li\build\plugin.js:248
:17)
    at async LazyResul
t.runAsync (D:\kkshop\
node_modules\postcss\l
ib\lazy-result.js:293:
11)
    at async build (D:
\kkshop\node_modules\t
ailwindcss\lib\cli\bui
ld\index.js:49:9) {
  reason: 'The `shadow
-[0_8px_32px_0_rgba(0,
` class does not exist
. If `shadow-[0_8px_32
px_0_rgba(0,` is a cus
tom class, make sure i
t is defined within a 
`@layer` directive.',
  file: 'D:\\kkshop\\s
rc\\app\\globals.css',
  source: '@tailwind b
ase;\r\n' +
    '@tailwind compone
nts;\r\n' +
    '@tailwind utiliti
es;\r\n' +
    '\r\n' +
    '@layer base {\r\n
' +
    '  :root {\r\n' +
    '    --background:
 #09090b;\r\n' +
    '    --foreground:
 #ffffff;\r\n' +
    '    --muted: #272
431;\r\n' +
    '    --muted-foreg
round: #a1a1aa;\r\n' +
    '    --accent: #63
66f1;\r\n' +
    '    --border: rgb
a(255, 255, 255, 0.1);
\r\n' +
    '\r\n' +
    '    /* Cosmic glo
w effects */\r\n' +
    '    --glow-primar
y: rgba(99, 102, 241, 
0.4);\r\n' +
    '    --glow-second
ary: rgba(236, 72, 153
, 0.4);\r\n' +
    '  }\r\n' +
    '}\r\n' +
    '\r\n' +
    '@layer base {\r\n
' +
    '  body {\r\n' +
    '    @apply bg-spa
ce-900 text-white sele
ction:bg-brand-primary
 selection:text-white 
antialiased overflow-x
-hidden;\r\n' +
    '    /* Cosmic spa
ce background base */\
r\n' +
    '    background-im
age:\r\n' +
    '      radial-grad
ient(circle at 15% 50%
, rgba(99, 102, 241, 0
.15), transparent 25%)
,\r\n' +
    '      radial-grad
ient(circle at 85% 30%
, rgba(236, 72, 153, 0
.15), transparent 25%)
;\r\n' +
    '    background-at
tachment: fixed;\r\n' 
+
    '  }\r\n' +
    '}\r\n' +
    '\r\n' +
    '@layer utilities 
{\r\n' +
    '  .glass-panel {\
r\n' +
    '    @apply bg-spa
ce-800/60 backdrop-blu
r-xl border border-whi
te/10 shadow-[0_8px_32
px_0_rgba(0, 0, 0, 0.3
)];\r\n' +
    '  }\r\n' +
    '\r\n' +
    '  .glass-card {\r
\n' +
    '    @apply bg-gra
dient-to-br from-white
/[0.05] to-white/[0.01
] backdrop-blur-md bor
der border-white/10;\r
\n' +
    '  }\r\n' +
    '\r\n' +
    '  .text-glow {\r\
n' +
    '    text-shadow: 
0 0 20px var(--glow-pr
imary);\r\n' +
    '  }\r\n' +
    '\r\n' +
    '  .text-glow-seco
ndary {\r\n' +
    '    text-shadow: 
0 0 20px var(--glow-se
condary);\r\n' +
    '  }\r\n' +
    '\r\n' +
    '  .bg-aurora {\r\
n' +
    '    background: l
inear-gradient(-45deg,
\r\n' +
    '        #09090b,\
r\n' +
    '        rgba(99, 
102, 241, 0.2),\r\n' +
    '        rgba(236,
 72, 153, 0.2),\r\n' +
    '        #09090b);
\r\n' +
    '    background-si
ze: 400% 400%;\r\n' +
    '    animation: au
rora 15s ease infinite
;\r\n' +
    '  }\r\n' +
    '}\r\n' +
    '\r\n' +
    '/* Custom Scrollb
ar for sleek look */\r
\n' +
    '::-webkit-scrollb
ar {\r\n' +
    '  width: 8px;\r\n
' +
    '  height: 8px;\r\
n' +
    '}\r\n' +
    '\r\n' +
    '::-webkit-scrollb
ar-track {\r\n' +
    '  @apply bg-space
-900;\r\n' +
    '}\r\n' +
    '\r\n' +
    '::-webkit-scrollb
ar-thumb {\r\n' +
    '  @apply bg-space
-700 rounded-full bord
er border-space-900 ho
ver:bg-space-400 trans
ition-colors;\r\n' +
    '}',
  line: 33,
  column: 5,
  endLine: 33,
  endColumn: 109,
  input: {
    column: 5,
    endColumn: 109,
    endLine: 33,
    endOffset: 971,
    line: 33,
    offset: 867,
    source: '@tailwind
 base;\r\n' +
      '@tailwind compo
nents;\r\n' +
      '@tailwind utili
ties;\r\n' +
      '\r\n' +
      '@layer base {\r
\n' +
      '  :root {\r\n' 
+
      '    --backgroun
d: #09090b;\r\n' +
      '    --foregroun
d: #ffffff;\r\n' +
      '    --muted: #2
72431;\r\n' +
      '    --muted-for
eground: #a1a1aa;\r\n'
 +
      '    --accent: #
6366f1;\r\n' +
      '    --border: r
gba(255, 255, 255, 0.1
);\r\n' +
      '\r\n' +
      '    /* Cosmic g
low effects */\r\n' +
      '    --glow-prim
ary: rgba(99, 102, 241
, 0.4);\r\n' +
      '    --glow-seco
ndary: rgba(236, 72, 1
53, 0.4);\r\n' +
      '  }\r\n' +
      '}\r\n' +
      '\r\n' +
      '@layer base {\r
\n' +
      '  body {\r\n' +
      '    @apply bg-s
pace-900 text-white se
lection:bg-brand-prima
ry selection:text-whit
e antialiased overflow
-x-hidden;\r\n' +
      '    /* Cosmic s
pace background base *
/\r\n' +
      '    background-
image:\r\n' +
      '      radial-gr
adient(circle at 15% 5
0%, rgba(99, 102, 241,
 0.15), transparent 25
%),\r\n' +
      '      radial-gr
adient(circle at 85% 3
0%, rgba(236, 72, 153,
 0.15), transparent 25
%);\r\n' +
      '    background-
attachment: fixed;\r\n
' +
      '  }\r\n' +
      '}\r\n' +
      '\r\n' +
      '@layer utilitie
s {\r\n' +
      '  .glass-panel 
{\r\n' +
      '    @apply bg-s
pace-800/60 backdrop-b
lur-xl border border-w
hite/10 shadow-[0_8px_
32px_0_rgba(0, 0, 0, 0
.3)];\r\n' +
      '  }\r\n' +
      '\r\n' +
      '  .glass-card {
\r\n' +
      '    @apply bg-g
radient-to-br from-whi
te/[0.05] to-white/[0.
01] backdrop-blur-md b
order border-white/10;
\r\n' +
      '  }\r\n' +
      '\r\n' +
      '  .text-glow {\
r\n' +
      '    text-shadow
: 0 0 20px var(--glow-
primary);\r\n' +
      '  }\r\n' +
      '\r\n' +
      '  .text-glow-se
condary {\r\n' +
      '    text-shadow
: 0 0 20px var(--glow-
secondary);\r\n' +
      '  }\r\n' +
      '\r\n' +
      '  .bg-aurora {\
r\n' +
      '    background:
 linear-gradient(-45de
g,\r\n' +
      '        #09090b
,\r\n' +
      '        rgba(99
, 102, 241, 0.2),\r\n'
 +
      '        rgba(23
6, 72, 153, 0.2),\r\n'
 +
      '        #09090b
);\r\n' +
      '    background-
size: 400% 400%;\r\n' 
+
      '    animation: 
aurora 15s ease infini
te;\r\n' +
      '  }\r\n' +
      '}\r\n' +
      '\r\n' +
      '/* Custom Scrol
lbar for sleek look */
\r\n' +
      '::-webkit-scrol
lbar {\r\n' +
      '  width: 8px;\r
\n' +
      '  height: 8px;\
r\n' +
      '}\r\n' +
      '\r\n' +
      '::-webkit-scrol
lbar-track {\r\n' +
      '  @apply bg-spa
ce-900;\r\n' +
      '}\r\n' +
      '\r\n' +
      '::-webkit-scrol
lbar-thumb {\r\n' +
      '  @apply bg-spa
ce-700 rounded-full bo
rder border-space-900 
hover:bg-space-400 tra
nsition-colors;\r\n' +
      '}',
    url: 'file:///D:/k
kshop/src/app/globals.
css',
    file: 'D:\\kkshop\
\src\\app\\globals.css
'
  },
  plugin: 'tailwindcss
'
}
